* using log directory ‘/Users/clai036/Library/CloudStorage/OneDrive-PNNL/Documents/GitHub/RomicsProcessor/..Rcheck’
* using R version 4.5.3 (2026-03-11)
* using platform: aarch64-apple-darwin20
* R was compiled by
    Apple clang version 16.0.0 (clang-1600.0.26.6)
    GNU Fortran (GCC) 14.2.0
* running under: macOS Tahoe 26.3.1
* using session charset: UTF-8
* checking for file ‘./DESCRIPTION’ ... OK
* checking extension type ... Package
* this is package ‘RomicsProcessor’ version ‘1.12.0’
* package encoding: UTF-8
* checking package namespace information ... OK
* checking package dependencies ... ERROR
Package suggested but not available: ‘sva’

The suggested packages are required for a complete check.
Checking can be attempted without them by setting the environment
variable _R_CHECK_FORCE_SUGGESTS_ to a false value.

See section ‘The DESCRIPTION file’ in the ‘Writing R Extensions’
manual.
* DONE
Status: 1 ERROR
